<html>
<body>
<pre>
<h1>µVision Build Log</h1>
<h2>Project:</h2>
C:\Users\Ahmed\Desktop\keil\microwave controller\microwave controller.uvproj
Project File Date:  05/13/2022

<h2>Output:</h2>
Build target 'Target 1'
linking...
Program Size: Code=336 RO-data=636 RW-data=0 ZI-data=512  
".\microwave controller.axf" - 0 Error(s), 0 Warning(s).
</pre>
</body>
</html>
 }
microwave controller.c: 1 warning, 0 errors
linking...
Program Size: Code=336 RO-data=636 RW-data=0 ZI-data=512  
".\microwave controller.axf" - 0 Error(s), 1 Warning(s).
compiling microwave controller.c...
"microwave controller.c" - 0 Error(s), 0 Warning(s).
