<html>
<body>
<pre>
<h1>µVision Build Log</h1>
<h2>Project:</h2>
C:\Users\H H\OneDrive - Faculty of Engineering Ain Shams University\Desktop\github\Microwave-Controller\microwave controller.uvproj
Project File Date:  05/17/2022

<h2>Output:</h2>
Build target 'Target 1'
linking...
Program Size: Code=2392 RO-data=652 RW-data=16 ZI-data=512  
".\microwave controller.axf" - 0 Error(s), 0 Warning(s).
</pre>
</body>
</html>
ontroller.axf" - 0 Error(s), 0 Warning(s).
compiling microwave controller.c...
"microwave controller.c" - 0 Error(s), 0 Warning(s).
